[    0.000000] Linux version 4.15.0-70-generic (buildd@lgw01-amd64-055) (gcc version 7.4.0 (Ubuntu 7.4.0-1ubuntu1~18.04.1)) #79-Ubuntu SMP Tue Nov 12 10:36:11 UTC 2019 (Ubuntu 4.15.0-70.79-generic 4.15.18)
[    0.000000] Command line: BOOT_IMAGE=/boot/vmlinuz-4.15.0-70-generic root=LABEL=cloudimg-rootfs ro console=tty1 console=ttyS0
[    0.000000] KERNEL supported cpus:
[    0.000000]   Intel GenuineIntel
[    0.000000]   AMD AuthenticAMD
[    0.000000]   Centaur CentaurHauls
[    0.000000] x86/fpu: Supporting XSAVE feature 0x001: 'x87 floating point registers'
[    0.000000] x86/fpu: Supporting XSAVE feature 0x002: 'SSE registers'
[    0.000000] x86/fpu: Enabled xstate features 0x3, context size is 576 bytes, using 'standard' format.
[    0.000000] e820: BIOS-provided physical RAM map:
[    0.000000] BIOS-e820: [mem 0x0000000000000000-0x000000000009fbff] usable
[    0.000000] BIOS-e820: [mem 0x000000000009fc00-0x000000000009ffff] reserved
[    0.000000] BIOS-e820: [mem 0x00000000000f0000-0x00000000000fffff] reserved
[    0.000000] BIOS-e820: [mem 0x0000000000100000-0x000000003ffeffff] usable
[    0.000000] BIOS-e820: [mem 0x000000003fff0000-0x000000003fffffff] ACPI data
[    0.000000] BIOS-e820: [mem 0x00000000fec00000-0x00000000fec00fff] reserved
[    0.000000] BIOS-e820: [mem 0x00000000fee00000-0x00000000fee00fff] reserved
[    0.000000] BIOS-e820: [mem 0x00000000fffc0000-0x00000000ffffffff] reserved
[    0.000000] NX (Execute Disable) protection: active
[    0.000000] SMBIOS 2.5 present.
[    0.000000] DMI: innotek GmbH VirtualBox/VirtualBox, BIOS VirtualBox 12/01/2006
[    0.000000] Hypervisor detected: KVM
[    0.000000] e820: last_pfn = 0x3fff0 max_arch_pfn = 0x400000000
[    0.000000] MTRR: Disabled
[    0.000000] x86/PAT: MTRRs disabled, skipping PAT initialization too.
[    0.000000] CPU MTRRs all blank - virtualized system.
[    0.000000] x86/PAT: Configuration [0-7]: WB  WT  UC- UC  WB  WT  UC- UC  
[    0.000000] found SMP MP-table at [mem 0x0009fff0-0x0009ffff]
[    0.000000] Scanning 1 areas for low memory corruption
[    0.000000] RAMDISK: [mem 0x35a89000-0x36d3bfff]
[    0.000000] ACPI: Early table checksum verification disabled
[    0.000000] ACPI: RSDP 0x00000000000E0000 000024 (v02 VBOX  )
[    0.000000] ACPI: XSDT 0x000000003FFF0030 00003C (v01 VBOX   VBOXXSDT 00000001 ASL  00000061)
[    0.000000] ACPI: FACP 0x000000003FFF00F0 0000F4 (v04 VBOX   VBOXFACP 00000001 ASL  00000061)
[    0.000000] ACPI: DSDT 0x000000003FFF0470 0022EA (v02 VBOX   VBOXBIOS 00000002 INTL 20100528)
[    0.000000] ACPI: FACS 0x000000003FFF0200 000040
[    0.000000] ACPI: FACS 0x000000003FFF0200 000040
[    0.000000] ACPI: APIC 0x000000003FFF0240 00005C (v02 VBOX   VBOXAPIC 00000001 ASL  00000061)
[    0.000000] ACPI: SSDT 0x000000003FFF02A0 0001CC (v01 VBOX   VBOXCPUT 00000002 INTL 20100528)
[    0.000000] No NUMA configuration found
[    0.000000] Faking a node at [mem 0x0000000000000000-0x000000003ffeffff]
[    0.000000] NODE_DATA(0) allocated [mem 0x3ffc5000-0x3ffeffff]
[    0.000000] kvm-clock: cpu 0, msr 0:3ff44001, primary cpu clock
[    0.000000] kvm-clock: Using msrs 4b564d01 and 4b564d00
[    0.000000] kvm-clock: using sched offset of 5249600545 cycles
[    0.000000] clocksource: kvm-clock: mask: 0xffffffffffffffff max_cycles: 0x1cd42e4dffb, max_idle_ns: 881590591483 ns
[    0.000000] Zone ranges:
[    0.000000]   DMA      [mem 0x0000000000001000-0x0000000000ffffff]
[    0.000000]   DMA32    [mem 0x0000000001000000-0x000000003ffeffff]
[    0.000000]   Normal   empty
[    0.000000]   Device   empty
[    0.000000] Movable zone start for each node
[    0.000000] Early memory node ranges
[    0.000000]   node   0: [mem 0x0000000000001000-0x000000000009efff]
[    0.000000]   node   0: [mem 0x0000000000100000-0x000000003ffeffff]
[    0.000000] Reserved but unavailable: 98 pages
[    0.000000] Initmem setup node 0 [mem 0x0000000000001000-0x000000003ffeffff]
[    0.000000] ACPI: PM-Timer IO Port: 0x4008
[    0.000000] IOAPIC[0]: apic_id 2, version 32, address 0xfec00000, GSI 0-23
[    0.000000] ACPI: INT_SRC_OVR (bus 0 bus_irq 0 global_irq 2 dfl dfl)
[    0.000000] ACPI: INT_SRC_OVR (bus 0 bus_irq 9 global_irq 9 low level)
[    0.000000] Using ACPI (MADT) for SMP configuration information
[    0.000000] smpboot: Allowing 2 CPUs, 0 hotplug CPUs
[    0.000000] PM: Registered nosave memory: [mem 0x00000000-0x00000fff]
[    0.000000] PM: Registered nosave memory: [mem 0x0009f000-0x0009ffff]
[    0.000000] PM: Registered nosave memory: [mem 0x000a0000-0x000effff]
[    0.000000] PM: Registered nosave memory: [mem 0x000f0000-0x000fffff]
[    0.000000] e820: [mem 0x40000000-0xfebfffff] available for PCI devices
[    0.000000] Booting paravirtualized kernel on KVM
[    0.000000] clocksource: refined-jiffies: mask: 0xffffffff max_cycles: 0xffffffff, max_idle_ns: 7645519600211568 ns
[    0.000000] random: get_random_bytes called from start_kernel+0x99/0x4fd with crng_init=0
[    0.000000] setup_percpu: NR_CPUS:8192 nr_cpumask_bits:2 nr_cpu_ids:2 nr_node_ids:1
[    0.000000] percpu: Embedded 45 pages/cpu s147456 r8192 d28672 u1048576
[    0.000000] PV qspinlock hash table entries: 256 (order: 0, 4096 bytes)
[    0.000000] Built 1 zonelists, mobility grouping on.  Total pages: 257913
[    0.000000] Policy zone: DMA32
[    0.000000] Kernel command line: BOOT_IMAGE=/boot/vmlinuz-4.15.0-70-generic root=LABEL=cloudimg-rootfs ro console=tty1 console=ttyS0
[    0.000000] Memory: 983440K/1048120K available (12300K kernel code, 2481K rwdata, 4264K rodata, 2432K init, 2388K bss, 64680K reserved, 0K cma-reserved)
[    0.000000] SLUB: HWalign=64, Order=0-3, MinObjects=0, CPUs=2, Nodes=1
[    0.000000] Kernel/User page tables isolation: enabled
[    0.000000] ftrace: allocating 39315 entries in 154 pages
[    0.004000] Hierarchical RCU implementation.
[    0.004000] 	RCU restricting CPUs from NR_CPUS=8192 to nr_cpu_ids=2.
[    0.004000] 	Tasks RCU enabled.
[    0.004000] RCU: Adjusting geometry for rcu_fanout_leaf=16, nr_cpu_ids=2
[    0.004000] NR_IRQS: 524544, nr_irqs: 440, preallocated irqs: 16
[    0.004000] Console: colour VGA+ 80x25
[    0.004000] console [tty1] enabled
[    0.004000] console [ttyS0] enabled
[    0.004000] ACPI: Core revision 20170831
[    0.004000] ACPI: 2 ACPI AML tables successfully acquired and loaded
[    0.004000] APIC: Switch to symmetric I/O mode setup
[    0.004430] x2apic enabled
[    0.006958] Switched APIC routing to physical x2apic.
[    0.012000] ..TIMER: vector=0x30 apic1=0 pin1=2 apic2=-1 pin2=-1
[    0.012009] tsc: Detected 2112.002 MHz processor
[    0.016051] Calibrating delay loop (skipped) preset value.. 4224.00 BogoMIPS (lpj=8448008)
[    0.020011] pid_max: default: 32768 minimum: 301
[    0.022460] Security Framework initialized
[    0.024010] Yama: becoming mindful.
[    0.028110] AppArmor: AppArmor initialized
[    0.032000] Dentry cache hash table entries: 131072 (order: 8, 1048576 bytes)
[    0.032144] Inode-cache hash table entries: 65536 (order: 7, 524288 bytes)
[    0.036030] Mount-cache hash table entries: 2048 (order: 2, 16384 bytes)
[    0.040015] Mountpoint-cache hash table entries: 2048 (order: 2, 16384 bytes)
[    0.044436] Last level iTLB entries: 4KB 64, 2MB 8, 4MB 8
[    0.046367] Last level dTLB entries: 4KB 64, 2MB 0, 4MB 0, 1GB 4
[    0.048010] Spectre V1 : Mitigation: usercopy/swapgs barriers and __user pointer sanitization
[    0.052010] Spectre V2 : Mitigation: Full generic retpoline
[    0.056008] Spectre V2 : Spectre v2 / SpectreRSB mitigation: Filling RSB on context switch
[    0.060007] Speculative Store Bypass: Vulnerable
[    0.062330] MDS: Mitigation: Clear CPU buffers
[    0.064329] Freeing SMP alternatives memory: 36K
[    0.181681] smpboot: CPU0: Intel(R) Pentium(R) CPU 4405U @ 2.10GHz (family: 0x6, model: 0x4e, stepping: 0x3)
[    0.184129] Performance Events: unsupported p6 CPU model 78 no PMU driver, software events only.
[    0.188079] Hierarchical SRCU implementation.
[    0.192674] NMI watchdog: Perf event create on CPU 0 failed with -2
[    0.196008] NMI watchdog: Perf NMI watchdog permanently disabled
[    0.200186] smp: Bringing up secondary CPUs ...
[    0.202874] x86: Booting SMP configuration:
[    0.204008] .... node  #0, CPUs:      #1
[    0.004000] kvm-clock: cpu 1, msr 0:3ff44041, secondary cpu clock
[    0.216061] smp: Brought up 1 node, 2 CPUs
[    0.217801] smpboot: Max logical packages: 1
[    0.220014] smpboot: Total of 2 processors activated (8448.00 BogoMIPS)
[    0.224154] devtmpfs: initialized
[    0.226304] x86/mm: Memory block size: 128MB
[    0.228387] evm: security.selinux
[    0.230552] evm: security.SMACK64
[    0.232011] evm: security.SMACK64EXEC
[    0.233934] evm: security.SMACK64TRANSMUTE
[    0.236072] evm: security.SMACK64MMAP
[    0.237696] evm: security.apparmor
[    0.240012] evm: security.ima
[    0.244009] evm: security.capability
[    0.248231] clocksource: jiffies: mask: 0xffffffff max_cycles: 0xffffffff, max_idle_ns: 7645041785100000 ns
[    0.252039] futex hash table entries: 512 (order: 3, 32768 bytes)
[    0.260000] pinctrl core: initialized pinctrl subsystem
[    0.260231] RTC time: 12:39:15, date: 11/28/19
[    0.264276] NET: Registered protocol family 16
[    0.267392] audit: initializing netlink subsys (disabled)
[    0.268081] audit: type=2000 audit(1574944761.419:1): state=initialized audit_enabled=0 res=1
[    0.272022] cpuidle: using governor ladder
[    0.276024] cpuidle: using governor menu
[    0.278041] ACPI: bus type PCI registered
[    0.280010] acpiphp: ACPI Hot Plug PCI Controller Driver version: 0.5
[    0.284257] PCI: Using configuration type 1 for base access
[    0.290757] HugeTLB registered 2.00 MiB page size, pre-allocated 0 pages
[    0.292203] ACPI: Added _OSI(Module Device)
[    0.296012] ACPI: Added _OSI(Processor Device)
[    0.298489] ACPI: Added _OSI(3.0 _SCP Extensions)
[    0.300012] ACPI: Added _OSI(Processor Aggregator Device)
[    0.304012] ACPI: Added _OSI(Linux-Dell-Video)
[    0.305929] ACPI: Added _OSI(Linux-Lenovo-NV-HDMI-Audio)
[    0.308015] ACPI: Added _OSI(Linux-HPI-Hybrid-Graphics)
[    0.312659] ACPI: Executed 1 blocks of module-level executable AML code
[    0.328275] ACPI: Interpreter enabled
[    0.330114] ACPI: (supports S0 S5)
[    0.332012] ACPI: Using IOAPIC for interrupt routing
[    0.337192] PCI: Using host bridge windows from ACPI; if necessary, use "pci=nocrs" and report a bug
[    0.340498] ACPI: Enabled 2 GPEs in block 00 to 07
[    0.365751] ACPI: PCI Root Bridge [PCI0] (domain 0000 [bus 00-ff])
[    0.368000] acpi PNP0A03:00: _OSC: OS supports [ASPM ClockPM Segments MSI]
[    0.373655] acpi PNP0A03:00: _OSC: not requesting OS control; OS requires [ExtendedConfig ASPM ClockPM MSI]
[    0.376040] acpi PNP0A03:00: fail to add MMCONFIG information, can't access extended PCI configuration space under this bridge.
[    0.380996] PCI host bridge to bus 0000:00
[    0.384014] pci_bus 0000:00: root bus resource [io  0x0000-0x0cf7 window]
[    0.388012] pci_bus 0000:00: root bus resource [io  0x0d00-0xffff window]
[    0.392019] pci_bus 0000:00: root bus resource [mem 0x000a0000-0x000bffff window]
[    0.396015] pci_bus 0000:00: root bus resource [mem 0x40000000-0xfdffffff window]
[    0.400024] pci_bus 0000:00: root bus resource [bus 00-ff]
[    0.412533] pci 0000:00:01.1: legacy IDE quirk: reg 0x10: [io  0x01f0-0x01f7]
[    0.416014] pci 0000:00:01.1: legacy IDE quirk: reg 0x14: [io  0x03f6]
[    0.420092] pci 0000:00:01.1: legacy IDE quirk: reg 0x18: [io  0x0170-0x0177]
[    0.424014] pci 0000:00:01.1: legacy IDE quirk: reg 0x1c: [io  0x0376]
[    0.482453] pci 0000:00:07.0: quirk: [io  0x4000-0x403f] claimed by PIIX4 ACPI
[    0.484045] pci 0000:00:07.0: quirk: [io  0x4100-0x410f] claimed by PIIX4 SMB
[    0.510543] ACPI: PCI Interrupt Link [LNKA] (IRQs 5 9 10 *11)
[    0.513079] ACPI: PCI Interrupt Link [LNKB] (IRQs 5 9 *10 11)
[    0.516358] ACPI: PCI Interrupt Link [LNKC] (IRQs 5 *9 10 11)
[    0.524296] ACPI: PCI Interrupt Link [LNKD] (IRQs 5 9 10 *11)
[    0.529686] SCSI subsystem initialized
[    0.532261] pci 0000:00:02.0: vgaarb: setting as boot VGA device
[    0.536000] pci 0000:00:02.0: vgaarb: VGA device added: decodes=io+mem,owns=io+mem,locks=none
[    0.536039] pci 0000:00:02.0: vgaarb: bridge control possible
[    0.540010] vgaarb: loaded
[    0.541513] ACPI: bus type USB registered
[    0.544116] usbcore: registered new interface driver usbfs
[    0.548065] usbcore: registered new interface driver hub
[    0.552084] usbcore: registered new device driver usb
[    0.556150] EDAC MC: Ver: 3.0.0
[    0.560727] PCI: Using ACPI for IRQ routing
[    0.564663] NetLabel: Initializing
[    0.568010] NetLabel:  domain hash size = 128
[    0.572009] NetLabel:  protocols = UNLABELED CIPSOv4 CALIPSO
[    0.576065] NetLabel:  unlabeled traffic allowed by default
[    0.580249] clocksource: Switched to clocksource kvm-clock
[    0.636102] VFS: Disk quotas dquot_6.6.0
[    0.640938] VFS: Dquot-cache hash table entries: 512 (order 0, 4096 bytes)
[    0.644809] AppArmor: AppArmor Filesystem Enabled
[    0.649654] pnp: PnP ACPI init
[    0.657360] pnp: PnP ACPI: found 3 devices
[    0.689154] clocksource: acpi_pm: mask: 0xffffff max_cycles: 0xffffff, max_idle_ns: 2085701024 ns
[    0.697726] NET: Registered protocol family 2
[    0.701834] TCP established hash table entries: 8192 (order: 4, 65536 bytes)
[    0.706202] TCP bind hash table entries: 8192 (order: 5, 131072 bytes)
[    0.714331] TCP: Hash tables configured (established 8192 bind 8192)
[    0.721411] UDP hash table entries: 512 (order: 2, 16384 bytes)
[    0.725436] UDP-Lite hash table entries: 512 (order: 2, 16384 bytes)
[    0.730526] NET: Registered protocol family 1
[    0.735411] pci 0000:00:00.0: Limiting direct PCI/PCI transfers
[    0.738902] pci 0000:00:01.0: Activating ISA DMA hang workarounds
[    0.743535] pci 0000:00:02.0: Video device with shadowed ROM at [mem 0x000c0000-0x000dffff]
[    0.748498] Unpacking initramfs...
[    1.540055] Freeing initrd memory: 19148K
[    1.543302] clocksource: tsc: mask: 0xffffffffffffffff max_cycles: 0x1e717a67afe, max_idle_ns: 440795258295 ns
[    1.548335] platform rtc_cmos: registered platform RTC device (no PNP device found)
[    1.552147] Scanning for low memory corruption every 60 seconds
[    1.557115] Initialise system trusted keyrings
[    1.559326] Key type blacklist registered
[    1.561983] workingset: timestamp_bits=36 max_order=18 bucket_order=0
[    1.567669] zbud: loaded
[    1.570574] squashfs: version 4.0 (2009/01/31) Phillip Lougher
[    1.574546] fuse init (API version 7.26)
[    1.595194] Key type asymmetric registered
[    1.597269] Asymmetric key parser 'x509' registered
[    1.600368] Block layer SCSI generic (bsg) driver version 0.4 loaded (major 246)
[    1.604760] io scheduler noop registered
[    1.606661] io scheduler deadline registered
[    1.608867] io scheduler cfq registered (default)
[    1.611985] ACPI: AC Adapter [AC] (off-line)
[    1.614384] input: Power Button as /devices/LNXSYSTM:00/LNXPWRBN:00/input/input0
[    1.618835] ACPI: Power Button [PWRF]
[    1.621023] input: Sleep Button as /devices/LNXSYSTM:00/LNXSLPBN:00/input/input1
[    1.625412] ACPI: Sleep Button [SLPF]
[    1.631135] ACPI: Battery Slot [BAT0] (battery present)
[    1.632632] Serial: 8250/16550 driver, 32 ports, IRQ sharing enabled
[    1.678284] 00:02: ttyS0 at I/O 0x3f8 (irq = 4, base_baud = 115200) is a 16550A
[    1.684970] Linux agpgart interface v0.103
[    1.689457] loop: module loaded
[    1.692286] scsi host0: ata_piix
[    1.695294] scsi host1: ata_piix
[    1.696995] ata1: PATA max UDMA/33 cmd 0x1f0 ctl 0x3f6 bmdma 0xd000 irq 14
[    1.700208] ata2: PATA max UDMA/33 cmd 0x170 ctl 0x376 bmdma 0xd008 irq 15
[    1.702730] libphy: Fixed MDIO Bus: probed
[    1.705566] tun: Universal TUN/TAP device driver, 1.6
[    1.707687] PPP generic driver version 2.4.2
[    1.710208] ehci_hcd: USB 2.0 'Enhanced' Host Controller (EHCI) Driver
[    1.713414] ehci-pci: EHCI PCI platform driver
[    1.715302] ehci-platform: EHCI generic platform driver
[    1.717966] ohci_hcd: USB 1.1 'Open' Host Controller (OHCI) Driver
[    1.722581] ohci-pci: OHCI PCI platform driver
[    1.725785] ohci-platform: OHCI generic platform driver
[    1.731985] uhci_hcd: USB Universal Host Controller Interface driver
[    1.740985] i8042: PNP: PS/2 Controller [PNP0303:PS2K,PNP0f03:PS2M] at 0x60,0x64 irq 1,12
[    1.756483] serio: i8042 KBD port at 0x60,0x64 irq 1
[    1.758554] serio: i8042 AUX port at 0x60,0x64 irq 12
[    1.762076] mousedev: PS/2 mouse device common for all mice
[    1.767909] input: AT Translated Set 2 keyboard as /devices/platform/i8042/serio0/input/input2
[    1.773664] rtc_cmos rtc_cmos: rtc core: registered rtc_cmos as rtc0
[    1.777170] rtc_cmos rtc_cmos: alarms up to one day, 114 bytes nvram
[    1.780639] i2c /dev entries driver
[    1.783285] device-mapper: uevent: version 1.0.3
[    1.785677] device-mapper: ioctl: 4.37.0-ioctl (2017-09-20) initialised: dm-devel@redhat.com
[    1.793158] ledtrig-cpu: registered to indicate activity on CPUs
[    1.797193] NET: Registered protocol family 10
[    1.809691] Segment Routing with IPv6
[    1.812155] NET: Registered protocol family 17
[    1.814450] Key type dns_resolver registered
[    1.817533] mce: Using 0 MCE banks
[    1.819806] RAS: Correctable Errors collector initialized.
[    1.822416] sched_clock: Marking stable (1822352383, 0)->(2420452433, -598100050)
[    1.827985] registered taskstats version 1
[    1.830421] Loading compiled-in X.509 certificates
[    1.839625] Loaded X.509 cert 'Build time autogenerated kernel key: 1859b0531897959199376c446a0bd70df75fd1fc'
[    1.848555] zswap: loaded using pool lzo/zbud
[    1.862148] Key type big_key registered
[    1.863995] Key type trusted registered
[    1.870872] Key type encrypted registered
[    1.873639] AppArmor: AppArmor sha1 policy hashing enabled
[    1.876427] ima: No TPM chip found, activating TPM-bypass! (rc=-19)
[    1.879597] ima: Allocated hash algorithm: sha1
[    1.883449] evm: HMAC attrs: 0x1
[    1.886018]   Magic number: 11:540:684
[    1.887678] mem full: hash matches
[    1.890243] rtc_cmos rtc_cmos: setting system clock to 2019-11-28 12:39:16 UTC (1574944756)
[    1.906053] BIOS EDD facility v0.16 2004-Jun-25, 0 devices found
[    1.910891] EDD information not available.
[    1.920969] Freeing unused kernel image memory: 2432K
[    2.112330] Write protecting the kernel read-only data: 20480k
[    2.118564] Freeing unused kernel image memory: 2008K
[    2.124463] Freeing unused kernel image memory: 1880K
[    2.150809] x86/mm: Checked W+X mappings: passed, no W+X pages found.
[    2.156075] x86/mm: Checking user space page tables
[    2.186388] x86/mm: Checked W+X mappings: passed, no W+X pages found.
Loading, please wait...
starting version 237
[    2.449705] Fusion MPT base driver 3.04.20
[    2.452981] Copyright (c) 1999-2008 LSI Corporation
[    2.481836] Fusion MPT SPI Host driver 3.04.20
[    2.487330] e1000: Intel(R) PRO/1000 Network Driver - version 7.3.21-k8-NAPI
[    2.493846] e1000: Copyright (c) 1999-2006 Intel Corporation.
[    2.508540] mptbase: ioc0: Initiating bringup
[    2.597653] SSE version of gcm_enc/dec engaged.
[    2.604770] ioc0: LSI53C1030 A0: Capabilities={Initiator}
[    2.724978] input: ImExPS/2 Generic Explorer Mouse as /devices/platform/i8042/serio1/input/input4
[    2.857672] scsi host2: ioc0: LSI53C1030 A0, FwRev=00000000h, Ports=1, MaxQ=256, IRQ=20
[    3.028986] scsi 2:0:0:0: Direct-Access     VBOX     HARDDISK         1.0  PQ: 0 ANSI: 5
[    3.072415] scsi target2:0:0: Beginning Domain Validation
[    3.146660] scsi target2:0:0: Domain Validation skipping write tests
[    3.150857] scsi target2:0:0: Ending Domain Validation
[    3.153659] scsi target2:0:0: asynchronous
[    3.157028] scsi 2:0:1:0: Direct-Access     VBOX     HARDDISK         1.0  PQ: 0 ANSI: 5
[    3.512494] scsi target2:0:1: Beginning Domain Validation
[    3.520693] random: fast init done
[    3.525546] scsi target2:0:1: Domain Validation skipping write tests
[    3.529081] scsi target2:0:1: Ending Domain Validation
[    3.533548] scsi target2:0:1: asynchronous
[    3.546525] sd 2:0:0:0: [sda] 20971520 512-byte logical blocks: (10.7 GB/10.0 GiB)
[    3.549462] random: systemd-udevd: uninitialized urandom read (16 bytes read)
[    3.553159] sd 2:0:0:0: Attached scsi generic sg0 type 0
[    3.560620] sd 2:0:0:0: [sda] Write Protect is off
[    3.563640] sd 2:0:0:0: [sda] Incomplete mode parameter data
[    3.567672] sd 2:0:0:0: [sda] Assuming drive cache: write through
[    3.567813] random: systemd-udevd: uninitialized urandom read (16 bytes read)
[    3.570667] sd 2:0:1:0: Attached scsi generic sg1 type 0
[    3.573449] random: systemd-udevd: uninitialized urandom read (16 bytes read)
[    3.578655]  sda: sda1
[    3.582551] sd 2:0:0:0: [sda] Attached SCSI disk
[    3.587263] sd 2:0:1:0: [sdb] 20480 512-byte logical blocks: (10.5 MB/10.0 MiB)
[    3.597835] sd 2:0:1:0: [sdb] Write Protect is off
[    3.600515] sd 2:0:1:0: [sdb] Incomplete mode parameter data
[    3.602933] sd 2:0:1:0: [sdb] Assuming drive cache: write through
[    3.613674] sd 2:0:1:0: [sdb] Attached SCSI disk
[    3.722777] e1000 0000:00:03.0 eth0: (PCI:33MHz:32-bit) 02:12:8f:b5:56:32
[    3.729711] e1000 0000:00:03.0 eth0: Intel(R) PRO/1000 Network Connection
[    3.738002] e1000 0000:00:03.0 enp0s3: renamed from eth0
Begin: Loading essential drivers ... [    6.265171] raid6: sse2x1   gen()  4782 MB/s
[    6.312312] raid6: sse2x1   xor()  2645 MB/s
[    6.360173] raid6: sse2x2   gen()  4908 MB/s
[    6.408081] raid6: sse2x2   xor()  3946 MB/s
[    6.456396] raid6: sse2x4   gen()  6073 MB/s
[    6.504171] raid6: sse2x4   xor()  3041 MB/s
[    6.506839] raid6: using algorithm sse2x4 gen() 6073 MB/s
[    6.509728] raid6: .... xor() 3041 MB/s, rmw enabled
[    6.511971] raid6: using ssse3x2 recovery algorithm
[    6.517531] xor: measuring software checksum speed
[    6.556530]    prefetch64-sse:  7221.000 MB/sec
[    6.596471]    generic_sse:  7994.000 MB/sec
[    6.599217] xor: using function: generic_sse (7994.000 MB/sec)
[    6.604032] async_tx: api initialized (async)
done.
Begin: Running /scripts/init-premount ... done.
Begin: Mounting root file system ... Begin: Running /scripts/local-top ... done.
Begin: Running /scripts/local-premount ... [    6.723351] Btrfs loaded, crc32c=crc32c-intel
Scanning for Btrfs filesystems
done.
Warning: fsck not present, so skipping root file system
[    6.799281] EXT4-fs (sda1): mounted filesystem with ordered data mode. Opts: (null)
done.
Begin: Running /scripts/local-bottom ... done.
Begin: Running /scripts/init-bottom ... done.
[    7.079918] ip_tables: (C) 2000-2006 Netfilter Core Team
[    7.095199] systemd[1]: systemd 237 running in system mode. (+PAM +AUDIT +SELINUX +IMA +APPARMOR +SMACK +SYSVINIT +UTMP +LIBCRYPTSETUP +GCRYPT +GNUTLS +ACL +XZ +LZ4 +SECCOMP +BLKID +ELFUTILS +KMOD -IDN2 +IDN -PCRE2 default-hierarchy=hybrid)
[    7.103893] systemd[1]: Detected virtualization oracle.
[    7.106403] systemd[1]: Detected architecture x86-64.

Welcome to [1mUbuntu 18.04.3 LTS[0m!

[    7.119746] systemd[1]: Set hostname to <ubuntu-bionic>.
[    7.632977] systemd[1]: Reached target Swap.
[[0;32m  OK  [0m] Reached target Swap.
[    7.653822] systemd[1]: Created slice User and Session Slice.
[[0;32m  OK  [0m] Created slice User and Session Slice.
[    7.660975] systemd[1]: Set up automount Arbitrary Executable File Formats File System Automount Point.
[[0;32m  OK  [0m] Set up automount Arbitrary Executabâ€¦rmats File System Automount Point.
[    7.670556] systemd[1]: Reached target User and Group Name Lookups.
[[0;32m  OK  [0m] Reached target User and Group Name Lookups.
[    7.676332] systemd[1]: Created slice System Slice.
[[0;32m  OK  [0m] Created slice System Slice.
[    7.680484] systemd[1]: Listening on LVM2 metadata daemon socket.
[[0;32m  OK  [0m] Listening on LVM2 metadata daemon socket.
[[0;32m  OK  [0m] Listening on Journal Audit Socket.
[[0;32m  OK  [0m] Listening on udev Control Socket.
[[0;32m  OK  [0m] Listening on Device-mapper event daemon FIFOs.
[[0;32m  OK  [0m] Listening on LVM2 poll daemon socket.
[[0;32m  OK  [0m] Listening on Syslog Socket.
[[0;32m  OK  [0m] Listening on udev Kernel Socket.
[[0;32m  OK  [0m] Listening on Journal Socket (/dev/log).
[[0;32m  OK  [0m] Reached target Slices.
[[0;32m  OK  [0m] Listening on Journal Socket.
         Starting Load Kernel Modules...
         Starting Remount Root and Kernel File Systems...
         Starting Set the console keyboard layout...
         Mounting Huge Pages File System...
         Starting udev Coldplug all Devices...
         Mounting POSIX Message Queue File System...
         Starting Create list of required stâ€¦ce nodes for the current kernel...
         Starting Monitoring of LVM2 mirrorsâ€¦ng dmeventd or progress polling...
         Mounting Kernel Debug File System...
[    7.822200] Loading iSCSI transport class v2.0-870.
         Starting Uncomplicated firewall...
[[0;32m  OK  [0m] Created slice system-serial\x2dgetty.slice.
[[0;32m  OK  [0m] Started Forward Password Requests to Wall Directory Watch.
[[0;32m  OK  [0m] Listening on /dev/initctl Compatibility Named Pipe.
[[0;32m  OK  [0m] Reached target System Time Synchronized.
[[0;32m  OK  [0m] Listening on Network Service Netlink Socket.
         Starting Journal Service...
[[0;32m  OK  [0m] Mounted Huge Pages File System.
[[0;32m  OK  [0m] Mounted POSIX Message Queue File System.
[[0;32m  OK  [0m] Started Create list of required staâ€¦vice nodes for the current kernel.
[[0;32m  OK  [0m] Mounted Kernel Debug File System.
         Starting Create Static Device Nodes in /dev...
[[0;32m  OK  [0m] Started Uncomplicated firewall.
[    7.903126] EXT4-fs (sda1): re-mounted. Opts: (null)
[[0;32m  OK  [0m] Started Remount Root and Kernel File Systems.
[    7.947499] iscsi: registered transport (tcp)
         Starting Load/Save Random Seed...
[[0;32m  OK  [0m] Started LVM2 metadata daemon.
[[0;32m  OK  [0m] Started udev Coldplug all Devices.
[[0;32m  OK  [0m] Started Load/Save Random Seed.
[[0;32m  OK  [0m] Started Create Static Device Nodes in /dev.
         Starting udev Kernel Device Manager...
[[0;32m  OK  [0m] Started Monitoring of LVM2 mirrors,â€¦sing dmeventd or progress polling.
[[0;32m  OK  [0m] Started Journal Service.
         Starting Flush Journal to Persistent Storage...
[[0;32m  OK  [0m] Started udev Kernel Device Manager.
[    8.253678] iscsi: registered transport (iser)
[[0;32m  OK  [0m] Started Load Kernel Modules.
         Mounting FUSE Control File System...
         Mounting Kernel Configuration File System...
         Starting Apply Kernel Variables...
[[0;32m  OK  [0m] Mounted FUSE Control File System.
[[0;32m  OK  [0m] Mounted Kernel Configuration File System.
[    8.313242] systemd-journald[400]: Received request to flush runtime journal from PID 1
[[0;32m  OK  [0m] Started Apply Kernel Variables.
[[0;32m  OK  [0m] Started Set the console keyboard layout.
[[0;32m  OK  [0m] Started Dispatch Password Requests to Console Directory Watch.
[[0;32m  OK  [0m] Reached target Local Encrypted Volumes.
[[0;32m  OK  [0m] Reached target Local File Systems (Pre).
[[0;32m  OK  [0m] Reached target Local File Systems.
         Starting AppArmor initialization...
         Starting ebtables ruleset management...
         Starting Tell Plymouth To Write Out Runtime Data...
         Starting Set console font and keymap...
[[0;32m  OK  [0m] Started Flush Journal to Persistent Storage.
         Starting Create Volatile Files and Directories...
[[0;32m  OK  [0m] Started Tell Plymouth To Write Out Runtime Data.
[[0;32m  OK  [0m] Started Set console font and keymap.
[[0;32m  OK  [0m] Started Create Volatile Files and Directories.
         Starting Update UTMP about System Boot/Shutdown...
[[0;32m  OK  [0m] Started ebtables ruleset management.
[[0;32m  OK  [0m] Started Update UTMP about System Boot/Shutdown.
[[0;32m  OK  [0m] Started AppArmor initialization.
[[0;32m  OK  [0m] Found device /dev/ttyS0.
         Starting Initial cloud-init job (pre-networking)...
[[0;32m  OK  [0m] Listening on Load/Save RF Kill Switch Status /dev/rfkill Watch.
[   12.712674] cloud-init[519]: Cloud-init v. 19.2-36-g059d049c-0ubuntu2~18.04.1 running 'init-local' at Thu, 28 Nov 2019 12:39:26 +0000. Up 12.06 seconds.
[[0;32m  OK  [0m] Started Initial cloud-init job (pre-networking).
[[0;32m  OK  [0m] Reached target Network (Pre).
         Starting Network Service...
[[0;32m  OK  [0m] Started Network Service.
         Starting Network Name Resolution...
         Starting Wait for Network to be Configured...
[[0;32m  OK  [0m] Started Network Name Resolution.
[[0;32m  OK  [0m] Reached target Network.
[[0;32m  OK  [0m] Reached target Host and Network Name Lookups.
[[0;32m  OK  [0m] Started Wait for Network to be Configured.
         Starting Initial cloud-init job (metadata service crawler)...
[   17.966207] cloud-init[652]: Cloud-init v. 19.2-36-g059d049c-0ubuntu2~18.04.1 running 'init' at Thu, 28 Nov 2019 12:39:31 +0000. Up 16.90 seconds.
[   17.970553] cloud-init[652]: ci-info: ++++++++++++++++++++++++++++++++++++++Net device info++++++++++++++++++++++++++++++++++++++
[   17.975538] cloud-init[652]: ci-info: +--------+------+----------------------------+---------------+--------+-------------------+
[   17.980759] cloud-init[652]: ci-info: | Device |  Up  |          Address           |      Mask     | Scope  |     Hw-Address    |
[   17.984685] cloud-init[652]: ci-info: +--------+------+----------------------------+---------------+--------+-------------------+
[   17.988314] cloud-init[652]: ci-info: | enp0s3 | True |         10.0.2.15          | 255.255.255.0 | global | 02:12:8f:b5:56:32 |
[   17.992038] cloud-init[652]: ci-info: | enp0s3 | True | fe80::12:8fff:feb5:5632/64 |       .       |  link  | 02:12:8f:b5:56:32 |
[   17.996512] cloud-init[652]: ci-info: |   lo   | True |         127.0.0.1          |   255.0.0.0   |  host  |         .         |
[   18.000407] cloud-init[652]: ci-info: |   lo   | True |          ::1/128           |       .       |  host  |         .         |
[   18.005778] cloud-init[652]: ci-info: +--------+------+----------------------------+---------------+--------+-------------------+
[   18.011360] cloud-init[652]: ci-info: ++++++++++++++++++++++++++++Route IPv4 info+++++++++++++++++++++++++++++
[   18.014782] cloud-init[652]: ci-info: +-------+-------------+----------+-----------------+-----------+-------+
[   18.020360] cloud-init[652]: ci-info: | Route | Destination | Gateway  |     Genmask     | Interface | Flags |
[   18.024168] cloud-init[652]: ci-info: +-------+-------------+----------+-----------------+-----------+-------+
[   18.028538] cloud-init[652]: ci-info: |   0   |   0.0.0.0   | 10.0.2.2 |     0.0.0.0     |   enp0s3  |   UG  |
[   18.031674] cloud-init[652]: ci-info: |   1   |   10.0.2.0  | 0.0.0.0  |  255.255.255.0  |   enp0s3  |   U   |
[   18.038516] cloud-init[652]: ci-info: |   2   |   10.0.2.2  | 0.0.0.0  | 255.255.255.255 |   enp0s3  |   UH  |
[   18.042259] cloud-init[652]: ci-info: +-------+-------------+----------+-----------------+-----------+-------+
[   18.045695] cloud-init[652]: ci-info: +++++++++++++++++++Route IPv6 info+++++++++++++++++++
[   18.048469] cloud-init[652]: ci-info: +-------+-------------+---------+-----------+-------+
[   18.051063] cloud-init[652]: ci-info: | Route | Destination | Gateway | Interface | Flags |
[   18.053644] cloud-init[652]: ci-info: +-------+-------------+---------+-----------+-------+
[   18.056492] cloud-init[652]: ci-info: |   1   |  fe80::/64  |    ::   |   enp0s3  |   U   |
[   18.059484] cloud-init[652]: ci-info: |   3   |    local    |    ::   |   enp0s3  |   U   |
[   18.072559] cloud-init[652]: ci-info: |   4   |   ff00::/8  |    ::   |   enp0s3  |   U   |
[   18.084542] cloud-init[652]: ci-info: +-------+-------------+---------+-----------+-------+
[[0;32m  OK  [0m] Started Initial cloud-init job (metadata service crawler).
[[0;32m  OK  [0m] Reached target System Initialization.
[[0;32m  OK  [0m] Started Discard unused blocks once a week.
         Starting Socket activation for snappy daemon.
[[0;32m  OK  [0m] Started Daily apt download activities.
[[0;32m  OK  [0m] Listening on ACPID Listen Socket.
[[0;32m  OK  [0m] Started ACPI Events Check.
[[0;32m  OK  [0m] Reached target Paths.
         Starting LXD - unix socket.
[[0;32m  OK  [0m] Listening on Open-iSCSI iscsid Socket.
[[0;32m  OK  [0m] Started Clean PHP session files every 30 mins.
[[0;32m  OK  [0m] Listening on UUID daemon activation socket.
[[0;32m  OK  [0m] Started Daily apt upgrade and clean activities.
[[0;32m  OK  [0m] Listening on D-Bus System Message Bus Socket.
[[0;32m  OK  [0m] Started Message of the Day.
[[0;32m  OK  [0m] Started Daily Cleanup of Temporary Directories.
[[0;32m  OK  [0m] Reached target Timers.
[[0;32m  OK  [0m] Reached target Network is Online.
         Starting Availability of block devices...
[[0;32m  OK  [0m] Reached target Remote File Systems (Pre).
[[0;32m  OK  [0m] Reached target Remote File Systems.
[[0;32m  OK  [0m] Reached target Cloud-config availability.
[[0;32m  OK  [0m] Listening on Socket activation for snappy daemon.
[[0;32m  OK  [0m] Listening on LXD - unix socket.
[[0;32m  OK  [0m] Started Availability of block devices.
[[0;32m  OK  [0m] Reached target Sockets.
[[0;32m  OK  [0m] Reached target Basic System.
[[0;32m  OK  [0m] Started Regular background program processing daemon.
         Starting LSB: automatic crash report generation...
         Starting Message of the Day...
         Starting System Logging Service...
         Starting Login Service...
         Starting The Apache HTTP Server...
         Starting LSB: Record successful boot for GRUB...
[[0;32m  OK  [0m] Started irqbalance daemon.
[[0;32m  OK  [0m] Started FUSE filesystem for LXC.
         Starting Permit User Sessions...
         Starting Clean php session files...
         Starting Accounts Service...
[[0;32m  OK  [0m] Started D-Bus System Message Bus.
         Starting LXD - container startup/shutdown...
         Starting Virtualbox guest utils...
         Starting OpenBSD Secure Shell server...
         Starting Dispatcher daemon for systemd-networkd...
[[0;32m  OK  [0m] Started Deferred execution scheduler.
         Starting Snappy daemon...
[[0;32m  OK  [0m] Started System Logging Service.
[[0;32m  OK  [0m] Started Permit User Sessions.
[[0;32m  OK  [0m] Started Login Service.
         Starting Authorization Manager...
[[0;32m  OK  [0m] Started Unattended Upgrades Shutdown.
         Starting Terminate Plymouth Boot Screen...
         Starting Hold until boot process finishes up...
[[0;32m  OK  [0m] Started Terminate Plymouth Boot Screen.
[[0;32m  OK  [0m] Started Hold until boot process finishes up.
         Starting Set console scheme...
[[0;32m  OK  [0m] Started Serial Getty on ttyS0.
[[0;32m  OK  [0m] Started LSB: automatic crash report generation.
[[0;32m  OK  [0m] Started Set console scheme.
[[0;32m  OK  [0m] Created slice system-getty.slice.
[[0;32m  OK  [0m] Started Getty on tty1.
[[0;32m  OK  [0m] Reached target Login Prompts.
[[0;32m  OK  [0m] Started OpenBSD Secure Shell server.
[[0;32m  OK  [0m] Started Authorization Manager.
[[0;32m  OK  [0m] Started Accounts Service.
[[0;32m  OK  [0m] Started LSB: Record successful boot for GRUB.
[[0;32m  OK  [0m] Started Virtualbox guest utils.
[[0;32m  OK  [0m] Started The Apache HTTP Server.
[[0;32m  OK  [0m] Started LXD - container startup/shutdown.
[[0;32m  OK  [0m] Started Clean php session files.
[[0;32m  OK  [0m] Created slice User Slice of vagrant.
         Starting User Manager for UID 1000...
[[0;32m  OK  [0m] Started Session 1 of user vagrant.
[[0;32m  OK  [0m] Started Dispatcher daemon for systemd-networkd.
[[0;32m  OK  [0m] Started User Manager for UID 1000.
[[0;32m  OK  [0m] Started Snappy daemon.
         Starting Wait until snapd is fully seeded...
[[0;32m  OK  [0m] Started Wait until snapd is fully seeded.
         Starting Apply the settings specified in cloud-config...
[[0;32m  OK  [0m] Reached target Multi-User System.
[[0;32m  OK  [0m] Reached target Graphical Interface.
         Starting Update UTMP about System Runlevel Changes...
[[0;32m  OK  [0m] Started Update UTMP about System Runlevel Changes.
[[0;32m  OK  [0m] Started Message of the Day.
[   26.122604] cloud-init[1083]: Cloud-init v. 19.2-36-g059d049c-0ubuntu2~18.04.1 running 'modules:config' at Thu, 28 Nov 2019 12:39:40 +0000. Up 25.60 seconds.

Ubuntu 18.04.3 LTS ubuntu-bionic ttyS0

ubuntu-bionic login: [   28.460243] cloud-init[1227]: Cloud-init v. 19.2-36-g059d049c-0ubuntu2~18.04.1 running 'modules:final' at Thu, 28 Nov 2019 12:39:42 +0000. Up 28.03 seconds.
[   28.460523] cloud-init[1227]: Cloud-init v. 19.2-36-g059d049c-0ubuntu2~18.04.1 finished at Thu, 28 Nov 2019 12:39:43 +0000. Datasource DataSourceNoCloud [seed=/dev/sdb][dsmode=net].  Up 28.43 seconds
